// Jest Snapshot v1, https://goo.gl/fbAQLP

exports[`Given a DataDetails Component When it is rendered Then screen should match the snapshot 1`] = `undefined`;
