// Jest Snapshot v1, https://goo.gl/fbAQLP

exports[`Given a Profile Component When it is rendered Then screen should match the snapshot 1`] = `
<RCTSafeAreaView
  emulateUnlessSupported={true}
  style={
    Object {
      "flex": 1,
    }
  }
>
  <View
    style={
      Object {
        "flex": 1,
      }
    }
  >
    <View
      accessibilityIgnoresInvertColors={true}
      style={
        Object {
          "flex": 1,
        }
      }
    >
      <Image
        source={
          Object {
            "uri": "https://i.ibb.co/99S3gsz/Background-Plantdroid.jpg",
          }
        }
        style={
          Array [
            Object {
              "bottom": 0,
              "left": 0,
              "position": "absolute",
              "right": 0,
              "top": 0,
            },
            Object {
              "height": undefined,
              "width": undefined,
            },
            undefined,
          ]
        }
      />
      <View
        style={
          Object {
            "alignItems": "center",
            "flexDirection": "column",
            "justifyContent": "center",
            "marginTop": 70,
          }
        }
      >
        <Image
          source={
            Object {
              "uri": "https://lh3.googleusercontent.com/a/AATXAJwEEYi9UmJfqRywEb_Krvyoco5a4rdbiZqp-cr2=s360-p-rw-no-mo",
            }
          }
          style={
            Object {
              "borderRadius": 100,
              "height": 130,
              "margin": 10,
              "width": 130,
            }
          }
        />
      </View>
      <View
        style={
          Object {
            "marginLeft": 20,
            "marginRight": 100,
            "marginTop": 15,
          }
        }
      >
        <Text
          style={
            Object {
              "fontSize": 25,
              "fontWeight": "bold",
              "marginBottom": 3,
              "marginLeft": 5,
            }
          }
        >
          User 
        </Text>
        <Text
          style={
            Object {
              "fontSize": 20,
              "marginLeft": 5,
            }
          }
        >
          Marc Mart√≠n
        </Text>
      </View>
      <View
        style={
          Object {
            "marginLeft": 20,
            "marginRight": 100,
            "marginTop": 15,
          }
        }
      >
        <Text
          style={
            Object {
              "fontSize": 25,
              "fontWeight": "bold",
              "marginBottom": 3,
              "marginLeft": 5,
            }
          }
        >
          Email 
        </Text>
        <Text
          style={
            Object {
              "fontSize": 20,
              "marginLeft": 5,
            }
          }
        >
          marcmartinbarrios@gmail.com
        </Text>
      </View>
      <View
        style={
          Object {
            "backgroundColor": "#7BA891",
            "borderColor": "transparent",
            "borderRadius": 4,
            "borderStyle": "solid",
            "borderWidth": 0,
            "elevation": 2,
            "margin": 5,
            "marginTop": 30,
            "minWidth": 64,
            "shadowColor": "#000000",
            "shadowOffset": Object {
              "height": 0.75,
              "width": 0,
            },
            "shadowOpacity": 0.24,
            "shadowRadius": 1.5,
          }
        }
      >
        <View
          accessibilityRole="button"
          accessibilityState={
            Object {
              "disabled": false,
            }
          }
          accessible={true}
          focusable={true}
          onClick={[Function]}
          onResponderGrant={[Function]}
          onResponderMove={[Function]}
          onResponderRelease={[Function]}
          onResponderTerminate={[Function]}
          onResponderTerminationRequest={[Function]}
          onStartShouldSetResponder={[Function]}
          style={
            Array [
              Object {
                "overflow": "hidden",
              },
              Object {
                "borderRadius": 4,
              },
            ]
          }
        >
          <View
            style={
              Array [
                Object {
                  "alignItems": "center",
                  "flexDirection": "row",
                  "justifyContent": "center",
                },
                undefined,
              ]
            }
          >
            <Text
              numberOfLines={1}
              selectable={false}
              style={
                Array [
                  Object {
                    "color": "#000000",
                    "fontFamily": "System",
                    "fontWeight": "400",
                  },
                  Object {
                    "textAlign": "left",
                  },
                  Array [
                    Object {
                      "letterSpacing": 1,
                      "marginHorizontal": 16,
                      "marginVertical": 9,
                      "textAlign": "center",
                    },
                    undefined,
                    Object {
                      "textTransform": "uppercase",
                    },
                    Object {
                      "color": "#000000",
                      "fontFamily": "System",
                      "fontWeight": "500",
                    },
                    Object {
                      "fontFamily": "System",
                      "fontWeight": "500",
                    },
                    undefined,
                  ],
                ]
              }
            >
              <Text>
                Logout
              </Text>
            </Text>
          </View>
        </View>
      </View>
    </View>
  </View>
</RCTSafeAreaView>
`;
